[ 2026-07-24 13:41:01,478 ] 19 root - INFO - Initiate Data Ingestion
[ 2026-07-24 13:41:19,411 ] 67 root - INFO - Performed train test split on the Dataframe
[ 2026-07-24 13:41:19,412 ] 69 root - INFO - Exited split_data_as_train_test method of DataIngestion class
[ 2026-07-24 13:41:19,412 ] 75 root - INFO - Exporting train and test file path.
[ 2026-07-24 13:41:19,468 ] 85 root - INFO - Exported train and test file path.
[ 2026-07-24 13:41:19,470 ] 21 root - INFO - Data Ingestion Completed.
[ 2026-07-24 13:41:19,478 ] 29 root - INFO - Inititate Data Validation.
[ 2026-07-24 13:41:19,532 ] 35 root - INFO - Required number of columns : 31
[ 2026-07-24 13:41:19,532 ] 36 root - INFO - DataFrame Artifacts\07_24_2026_13_41_00\data_ingestion\ingested\train.csv has 31 columns.
[ 2026-07-24 13:41:19,532 ] 35 root - INFO - Required number of columns : 31
[ 2026-07-24 13:41:19,533 ] 36 root - INFO - DataFrame Artifacts\07_24_2026_13_41_00\data_ingestion\ingested\test.csv has 31 columns.
[ 2026-07-24 13:41:19,534 ] 45 root - INFO - Numeric columns found in Artifacts\07_24_2026_13_41_00\data_ingestion\ingested\train.csv: ['having_IP_Address', 'URL_Length', 'Shortining_Service', 'having_At_Symbol', 'double_slash_redirecting', 'Prefix_Suffix', 'having_Sub_Domain', 'SSLfinal_State', 'Domain_registeration_length', 'Favicon', 'port', 'HTTPS_token', 'Request_URL', 'URL_of_Anchor', 'Links_in_tags', 'SFH', 'Submitting_to_email', 'Abnormal_URL', 'Redirect', 'on_mouseover', 'RightClick', 'popUpWidnow', 'Iframe', 'age_of_domain', 'DNSRecord', 'web_traffic', 'Page_Rank', 'Google_Index', 'Links_pointing_to_page', 'Statistical_report', 'Result']
[ 2026-07-24 13:41:19,534 ] 45 root - INFO - Numeric columns found in Artifacts\07_24_2026_13_41_00\data_ingestion\ingested\test.csv: ['having_IP_Address', 'URL_Length', 'Shortining_Service', 'having_At_Symbol', 'double_slash_redirecting', 'Prefix_Suffix', 'having_Sub_Domain', 'SSLfinal_State', 'Domain_registeration_length', 'Favicon', 'port', 'HTTPS_token', 'Request_URL', 'URL_of_Anchor', 'Links_in_tags', 'SFH', 'Submitting_to_email', 'Abnormal_URL', 'Redirect', 'on_mouseover', 'RightClick', 'popUpWidnow', 'Iframe', 'age_of_domain', 'DNSRecord', 'web_traffic', 'Page_Rank', 'Google_Index', 'Links_pointing_to_page', 'Statistical_report', 'Result']
[ 2026-07-24 13:41:19,677 ] 31 root - INFO - Data Validation Complete.
[ 2026-07-24 13:41:19,678 ] 35 root - INFO - Initiate Data Transformation.
[ 2026-07-24 13:41:19,678 ] 64 root - INFO - Entered inititate_data_transformation method of DataTransformation class
[ 2026-07-24 13:41:19,678 ] 66 root - INFO - Starting data Transformation
[ 2026-07-24 13:41:19,733 ] 49 root - INFO - Entered get_data_transformer_object method of Transformer class
[ 2026-07-24 13:41:19,733 ] 54 root - INFO - Initialized KNNImputer with {'missing_values': nan, 'n_neighbors': 3, 'weights': 'uniform'}
[ 2026-07-24 13:41:19,745 ] 45 root - INFO - Entered the save_object method of main_utils/utils class.
[ 2026-07-24 13:41:19,746 ] 49 root - INFO - Exited the save_object method of main_utils/utils class.
[ 2026-07-24 13:41:19,748 ] 39 root - INFO - Data Transformation Completed.
